0 verbose cli /opt/homebrew/Cellar/node/25.9.0/bin/node /opt/homebrew/bin/npm
1 info using npm@11.12.1
2 info using node@v25.9.0
3 silly config load:file:/opt/homebrew/lib/node_modules/npm/npmrc
4 silly config load:file:/Users/srujan/Beast/Coding/web/gdg/.npmrc
5 silly config load:file:/Users/srujan/.npmrc
6 silly config load:file:/opt/homebrew/etc/npmrc
7 verbose title npm install @google/genai
8 verbose argv "install" "@google/genai" "--cache" "/Users/srujan/Beast/Coding/web/gdg/.npm-cache"
9 verbose logfile logs-max:10 dir:/Users/srujan/Beast/Coding/web/gdg/.npm-cache/_logs/2026-04-28T14_46_22_676Z-
10 verbose logfile /Users/srujan/Beast/Coding/web/gdg/.npm-cache/_logs/2026-04-28T14_46_22_676Z-debug-0.log
11 silly logfile done cleaning log files
12 silly packumentCache heap:4496293888 maxSize:1124073472 maxEntrySize:562036736
13 silly idealTree buildDeps
14 silly fetch manifest @google/genai@*
15 silly packumentCache full:https://registry.npmjs.org/@google%2fgenai cache-miss
16 http fetch GET 200 https://registry.npmjs.org/@google%2fgenai 145ms (cache miss)
17 silly packumentCache full:https://registry.npmjs.org/@google%2fgenai set size:undefined disposed:false
18 silly fetch manifest @modelcontextprotocol/sdk@^1.25.2
19 silly packumentCache full:https://registry.npmjs.org/@modelcontextprotocol%2fsdk cache-miss
20 http fetch GET 200 https://registry.npmjs.org/npm 234ms
21 http fetch GET 200 https://registry.npmjs.org/@modelcontextprotocol%2fsdk 58ms (cache miss)
22 silly packumentCache full:https://registry.npmjs.org/@modelcontextprotocol%2fsdk set size:undefined disposed:false
23 silly fetch manifest @cfworker/json-schema@^4.1.1
24 silly packumentCache full:https://registry.npmjs.org/@cfworker%2fjson-schema cache-miss
25 http fetch GET 200 https://registry.npmjs.org/@cfworker%2fjson-schema 37ms (cache miss)
26 silly packumentCache full:https://registry.npmjs.org/@cfworker%2fjson-schema set size:undefined disposed:false
27 silly placeDep ROOT @google/genai@1.50.1 OK for: gdg@0.1.0 want: *
28 silly fetch manifest google-auth-library@^10.3.0
29 silly packumentCache full:https://registry.npmjs.org/google-auth-library cache-miss
30 silly fetch manifest p-retry@^4.6.2
31 silly packumentCache full:https://registry.npmjs.org/p-retry cache-miss
32 silly fetch manifest ws@^8.18.0
33 silly packumentCache full:https://registry.npmjs.org/ws cache-miss
34 http fetch GET 200 https://registry.npmjs.org/p-retry 25ms (cache miss)
35 silly packumentCache full:https://registry.npmjs.org/p-retry set size:undefined disposed:false
36 http fetch GET 200 https://registry.npmjs.org/google-auth-library 49ms (cache miss)
37 silly packumentCache full:https://registry.npmjs.org/google-auth-library set size:undefined disposed:false
38 http fetch GET 200 https://registry.npmjs.org/ws 72ms (cache miss)
39 silly packumentCache full:https://registry.npmjs.org/ws set size:undefined disposed:false
40 silly fetch manifest bufferutil@^4.0.1
41 silly packumentCache full:https://registry.npmjs.org/bufferutil cache-miss
42 http fetch GET 200 https://registry.npmjs.org/bufferutil 27ms (cache miss)
43 silly packumentCache full:https://registry.npmjs.org/bufferutil set size:undefined disposed:false
44 silly fetch manifest utf-8-validate@>=5.0.2
45 silly packumentCache full:https://registry.npmjs.org/utf-8-validate cache-miss
46 http fetch GET 200 https://registry.npmjs.org/utf-8-validate 32ms (cache miss)
47 silly packumentCache full:https://registry.npmjs.org/utf-8-validate set size:undefined disposed:false
48 silly placeDep ROOT google-auth-library@10.6.2 OK for: @google/genai@1.50.1 want: ^10.3.0
49 silly placeDep ROOT p-retry@4.6.2 OK for: @google/genai@1.50.1 want: ^4.6.2
50 silly placeDep ROOT ws@8.20.0 OK for: @google/genai@1.50.1 want: ^8.18.0
51 silly fetch manifest base64-js@^1.3.0
52 silly packumentCache full:https://registry.npmjs.org/base64-js cache-miss
53 silly fetch manifest ecdsa-sig-formatter@^1.0.11
54 silly packumentCache full:https://registry.npmjs.org/ecdsa-sig-formatter cache-miss
55 silly fetch manifest gaxios@^7.1.4
56 silly packumentCache full:https://registry.npmjs.org/gaxios cache-miss
57 silly fetch manifest gcp-metadata@8.1.2
58 silly packumentCache full:https://registry.npmjs.org/gcp-metadata cache-miss
59 silly fetch manifest google-logging-utils@1.1.3
60 silly packumentCache full:https://registry.npmjs.org/google-logging-utils cache-miss
61 silly fetch manifest jws@^4.0.0
62 silly packumentCache full:https://registry.npmjs.org/jws cache-miss
63 silly fetch manifest retry@^0.13.1
64 silly packumentCache full:https://registry.npmjs.org/retry cache-miss
65 silly fetch manifest @types/retry@0.12.0
66 silly packumentCache full:https://registry.npmjs.org/@types%2fretry cache-miss
67 http fetch GET 200 https://registry.npmjs.org/ecdsa-sig-formatter 40ms (cache miss)
68 silly packumentCache full:https://registry.npmjs.org/ecdsa-sig-formatter set size:undefined disposed:false
69 http fetch GET 200 https://registry.npmjs.org/base64-js 40ms (cache miss)
70 silly packumentCache full:https://registry.npmjs.org/base64-js set size:undefined disposed:false
71 http fetch GET 200 https://registry.npmjs.org/gaxios 45ms (cache miss)
72 silly packumentCache full:https://registry.npmjs.org/gaxios set size:undefined disposed:false
73 http fetch GET 200 https://registry.npmjs.org/jws 69ms (cache miss)
74 silly packumentCache full:https://registry.npmjs.org/jws set size:undefined disposed:false
75 http fetch GET 200 https://registry.npmjs.org/google-logging-utils 70ms (cache miss)
76 silly packumentCache full:https://registry.npmjs.org/google-logging-utils set size:undefined disposed:false
77 http fetch GET 200 https://registry.npmjs.org/retry 69ms (cache miss)
78 silly packumentCache full:https://registry.npmjs.org/retry set size:undefined disposed:false
79 http fetch GET 200 https://registry.npmjs.org/gcp-metadata 72ms (cache miss)
80 silly packumentCache full:https://registry.npmjs.org/gcp-metadata set size:undefined disposed:false
81 http fetch GET 200 https://registry.npmjs.org/@types%2fretry 73ms (cache miss)
82 silly packumentCache full:https://registry.npmjs.org/@types%2fretry set size:undefined disposed:false
83 silly placeDep ROOT base64-js@1.5.1 OK for: google-auth-library@10.6.2 want: ^1.3.0
84 silly placeDep ROOT ecdsa-sig-formatter@1.0.11 OK for: google-auth-library@10.6.2 want: ^1.0.11
85 silly placeDep ROOT gaxios@7.1.4 OK for: google-auth-library@10.6.2 want: ^7.1.4
86 silly placeDep ROOT gcp-metadata@8.1.2 OK for: google-auth-library@10.6.2 want: 8.1.2
87 silly placeDep ROOT google-logging-utils@1.1.3 OK for: google-auth-library@10.6.2 want: 1.1.3
88 silly placeDep ROOT jws@4.0.1 OK for: google-auth-library@10.6.2 want: ^4.0.0
89 silly fetch manifest extend@^3.0.2
90 silly packumentCache full:https://registry.npmjs.org/extend cache-miss
91 silly fetch manifest https-proxy-agent@^7.0.1
92 silly packumentCache full:https://registry.npmjs.org/https-proxy-agent cache-miss
93 silly fetch manifest node-fetch@^3.3.2
94 silly packumentCache full:https://registry.npmjs.org/node-fetch cache-miss
95 silly fetch manifest google-logging-utils@^1.0.0
96 silly packumentCache full:https://registry.npmjs.org/google-logging-utils cache-miss
97 silly fetch manifest json-bigint@^1.0.0
98 silly packumentCache full:https://registry.npmjs.org/json-bigint cache-miss
99 silly fetch manifest jwa@^2.0.1
100 silly packumentCache full:https://registry.npmjs.org/jwa cache-miss
101 http cache https://registry.npmjs.org/google-logging-utils 5ms (cache hit)
102 silly packumentCache full:https://registry.npmjs.org/google-logging-utils set size:21694 disposed:false
103 http fetch GET 200 https://registry.npmjs.org/extend 21ms (cache miss)
104 silly packumentCache full:https://registry.npmjs.org/extend set size:undefined disposed:false
105 http fetch GET 200 https://registry.npmjs.org/https-proxy-agent 24ms (cache miss)
106 silly packumentCache full:https://registry.npmjs.org/https-proxy-agent set size:undefined disposed:false
107 http fetch GET 200 https://registry.npmjs.org/json-bigint 27ms (cache miss)
108 silly packumentCache full:https://registry.npmjs.org/json-bigint set size:undefined disposed:false
109 http fetch GET 200 https://registry.npmjs.org/node-fetch 50ms (cache miss)
110 silly packumentCache full:https://registry.npmjs.org/node-fetch set size:undefined disposed:false
111 http fetch GET 200 https://registry.npmjs.org/jwa 286ms (cache miss)
112 silly packumentCache full:https://registry.npmjs.org/jwa set size:undefined disposed:false
113 silly placeDep ROOT extend@3.0.2 OK for: gaxios@7.1.4 want: ^3.0.2
114 silly placeDep ROOT https-proxy-agent@7.0.6 OK for: gaxios@7.1.4 want: ^7.0.1
115 silly placeDep ROOT node-fetch@3.3.2 OK for: gaxios@7.1.4 want: ^3.3.2
116 silly fetch manifest agent-base@^7.1.2
117 silly packumentCache full:https://registry.npmjs.org/agent-base cache-miss
118 silly fetch manifest data-uri-to-buffer@^4.0.0
119 silly packumentCache full:https://registry.npmjs.org/data-uri-to-buffer cache-miss
120 silly fetch manifest fetch-blob@^3.1.4
121 silly packumentCache full:https://registry.npmjs.org/fetch-blob cache-miss
122 silly fetch manifest formdata-polyfill@^4.0.10
123 silly packumentCache full:https://registry.npmjs.org/formdata-polyfill cache-miss
124 http fetch GET 200 https://registry.npmjs.org/agent-base 34ms (cache miss)
125 silly packumentCache full:https://registry.npmjs.org/agent-base set size:undefined disposed:false
126 http fetch GET 200 https://registry.npmjs.org/formdata-polyfill 34ms (cache miss)
127 silly packumentCache full:https://registry.npmjs.org/formdata-polyfill set size:undefined disposed:false
128 http fetch GET 200 https://registry.npmjs.org/fetch-blob 35ms (cache miss)
129 silly packumentCache full:https://registry.npmjs.org/fetch-blob set size:undefined disposed:false
130 http fetch GET 200 https://registry.npmjs.org/data-uri-to-buffer 60ms (cache miss)
131 silly packumentCache full:https://registry.npmjs.org/data-uri-to-buffer set size:undefined disposed:false
132 silly placeDep ROOT json-bigint@1.0.0 OK for: gcp-metadata@8.1.2 want: ^1.0.0
133 silly fetch manifest bignumber.js@^9.0.0
134 silly packumentCache full:https://registry.npmjs.org/bignumber.js cache-miss
135 http fetch GET 200 https://registry.npmjs.org/bignumber.js 30ms (cache miss)
136 silly packumentCache full:https://registry.npmjs.org/bignumber.js set size:undefined disposed:false
137 silly placeDep ROOT agent-base@7.1.4 OK for: https-proxy-agent@7.0.6 want: ^7.1.2
138 silly placeDep ROOT bignumber.js@9.3.1 OK for: json-bigint@1.0.0 want: ^9.0.0
139 silly placeDep ROOT jwa@2.0.1 OK for: jws@4.0.1 want: ^2.0.1
140 silly fetch manifest buffer-equal-constant-time@^1.0.1
141 silly packumentCache full:https://registry.npmjs.org/buffer-equal-constant-time cache-miss
142 http fetch GET 200 https://registry.npmjs.org/buffer-equal-constant-time 19ms (cache miss)
143 silly packumentCache full:https://registry.npmjs.org/buffer-equal-constant-time set size:undefined disposed:false
144 silly placeDep ROOT buffer-equal-constant-time@1.0.1 OK for: jwa@2.0.1 want: ^1.0.1
145 silly placeDep ROOT data-uri-to-buffer@4.0.1 OK for: node-fetch@3.3.2 want: ^4.0.0
146 silly placeDep ROOT fetch-blob@3.2.0 OK for: node-fetch@3.3.2 want: ^3.1.4
147 silly placeDep ROOT formdata-polyfill@4.0.10 OK for: node-fetch@3.3.2 want: ^4.0.10
148 silly fetch manifest node-domexception@^1.0.0
149 silly packumentCache full:https://registry.npmjs.org/node-domexception cache-miss
150 silly fetch manifest web-streams-polyfill@^3.0.3
151 silly packumentCache full:https://registry.npmjs.org/web-streams-polyfill cache-miss
152 http fetch GET 200 https://registry.npmjs.org/node-domexception 28ms (cache miss)
153 silly packumentCache full:https://registry.npmjs.org/node-domexception set size:undefined disposed:false
154 http fetch GET 200 https://registry.npmjs.org/web-streams-polyfill 30ms (cache miss)
155 silly packumentCache full:https://registry.npmjs.org/web-streams-polyfill set size:undefined disposed:false
156 silly placeDep ROOT node-domexception@1.0.0 OK for: fetch-blob@3.2.0 want: ^1.0.0
157 silly placeDep ROOT web-streams-polyfill@3.3.3 OK for: fetch-blob@3.2.0 want: ^3.0.3
158 silly placeDep ROOT @types/retry@0.12.0 OK for: p-retry@4.6.2 want: 0.12.0
159 silly placeDep ROOT retry@0.13.1 OK for: p-retry@4.6.2 want: ^0.13.1
160 silly reify moves {}
161 silly audit bulk request {
161 silly audit   '@alloc/quick-lru': [ '5.2.0' ],
161 silly audit   '@babel/code-frame': [ '7.29.0' ],
161 silly audit   '@babel/compat-data': [ '7.29.0' ],
161 silly audit   '@babel/core': [ '7.29.0' ],
161 silly audit   '@babel/generator': [ '7.29.1' ],
161 silly audit   '@babel/helper-compilation-targets': [ '7.28.6' ],
161 silly audit   '@babel/helper-globals': [ '7.28.0' ],
161 silly audit   '@babel/helper-module-imports': [ '7.28.6' ],
161 silly audit   '@babel/helper-module-transforms': [ '7.28.6' ],
161 silly audit   '@babel/helper-string-parser': [ '7.27.1' ],
161 silly audit   '@babel/helper-validator-identifier': [ '7.28.5' ],
161 silly audit   '@babel/helper-validator-option': [ '7.27.1' ],
161 silly audit   '@babel/helpers': [ '7.29.2' ],
161 silly audit   '@babel/parser': [ '7.29.2' ],
161 silly audit   '@babel/template': [ '7.28.6' ],
161 silly audit   '@babel/traverse': [ '7.29.0' ],
161 silly audit   '@babel/types': [ '7.29.0' ],
161 silly audit   '@emnapi/core': [ '1.10.0' ],
161 silly audit   '@emnapi/runtime': [ '1.10.0' ],
161 silly audit   '@emnapi/wasi-threads': [ '1.2.1' ],
161 silly audit   '@eslint-community/eslint-utils': [ '4.9.1' ],
161 silly audit   'eslint-visitor-keys': [ '3.4.3', '5.0.1', '4.2.1' ],
161 silly audit   '@eslint-community/regexpp': [ '4.12.2' ],
161 silly audit   '@eslint/config-array': [ '0.21.2' ],
161 silly audit   '@eslint/config-helpers': [ '0.4.2' ],
161 silly audit   '@eslint/core': [ '0.17.0' ],
161 silly audit   '@eslint/eslintrc': [ '3.3.5' ],
161 silly audit   '@eslint/js': [ '9.39.4' ],
161 silly audit   '@eslint/object-schema': [ '2.1.7' ],
161 silly audit   '@eslint/plugin-kit': [ '0.4.1' ],
161 silly audit   '@firebase/ai': [ '2.11.0' ],
161 silly audit   '@firebase/analytics': [ '0.10.21' ],
161 silly audit   '@firebase/analytics-compat': [ '0.2.27' ],
161 silly audit   '@firebase/analytics-types': [ '0.8.3' ],
161 silly audit   '@firebase/app': [ '0.14.11' ],
161 silly audit   '@firebase/app-check': [ '0.11.2' ],
161 silly audit   '@firebase/app-check-compat': [ '0.4.2' ],
161 silly audit   '@firebase/app-check-interop-types': [ '0.3.3' ],
161 silly audit   '@firebase/app-check-types': [ '0.5.3' ],
161 silly audit   '@firebase/app-compat': [ '0.5.11' ],
161 silly audit   '@firebase/app-types': [ '0.9.4' ],
161 silly audit   '@firebase/auth': [ '1.13.0' ],
161 silly audit   '@firebase/auth-compat': [ '0.6.5' ],
161 silly audit   '@firebase/auth-interop-types': [ '0.2.4' ],
161 silly audit   '@firebase/auth-types': [ '0.13.0' ],
161 silly audit   '@firebase/component': [ '0.7.2' ],
161 silly audit   '@firebase/data-connect': [ '0.6.0' ],
161 silly audit   '@firebase/database': [ '1.1.2' ],
161 silly audit   '@firebase/database-compat': [ '2.1.3' ],
161 silly audit   '@firebase/database-types': [ '1.0.19' ],
161 silly audit   '@firebase/firestore': [ '4.14.0' ],
161 silly audit   '@firebase/firestore-compat': [ '0.4.8' ],
161 silly audit   '@firebase/firestore-types': [ '3.0.3' ],
161 silly audit   '@firebase/functions': [ '0.13.3' ],
161 silly audit   '@firebase/functions-compat': [ '0.4.3' ],
161 silly audit   '@firebase/functions-types': [ '0.6.3' ],
161 silly audit   '@firebase/installations': [ '0.6.21' ],
161 silly audit   '@firebase/installations-compat': [ '0.2.21' ],
161 silly audit   '@firebase/installations-types': [ '0.5.3' ],
161 silly audit   '@firebase/logger': [ '0.5.0' ],
161 silly audit   '@firebase/messaging': [ '0.12.25' ],
161 silly audit   '@firebase/messaging-compat': [ '0.2.25' ],
161 silly audit   '@firebase/messaging-interop-types': [ '0.2.3' ],
161 silly audit   '@firebase/performance': [ '0.7.11' ],
161 silly audit   '@firebase/performance-compat': [ '0.2.24' ],
161 silly audit   '@firebase/performance-types': [ '0.2.3' ],
161 silly audit   '@firebase/remote-config': [ '0.8.2' ],
161 silly audit   '@firebase/remote-config-compat': [ '0.2.23' ],
161 silly audit   '@firebase/remote-config-types': [ '0.5.0' ],
161 silly audit   '@firebase/storage': [ '0.14.2' ],
161 silly audit   '@firebase/storage-compat': [ '0.4.2' ],
161 silly audit   '@firebase/storage-types': [ '0.8.3' ],
161 silly audit   '@firebase/util': [ '1.15.0' ],
161 silly audit   '@firebase/webchannel-wrapper': [ '1.0.5' ],
161 silly audit   '@grpc/grpc-js': [ '1.9.15' ],
161 silly audit   '@grpc/proto-loader': [ '0.7.15' ],
161 silly audit   '@humanfs/core': [ '0.19.2' ],
161 silly audit   '@humanfs/node': [ '0.16.8' ],
161 silly audit   '@humanfs/types': [ '0.15.0' ],
161 silly audit   '@humanwhocodes/module-importer': [ '1.0.1' ],
161 silly audit   '@humanwhocodes/retry': [ '0.4.3' ],
161 silly audit   '@img/colour': [ '1.1.0' ],
161 silly audit   '@img/sharp-darwin-arm64': [ '0.34.5' ],
161 silly audit   '@img/sharp-darwin-x64': [ '0.34.5' ],
161 silly audit   '@img/sharp-libvips-darwin-arm64': [ '1.2.4' ],
161 silly audit   '@img/sharp-libvips-darwin-x64': [ '1.2.4' ],
161 silly audit   '@img/sharp-libvips-linux-arm': [ '1.2.4' ],
161 silly audit   '@img/sharp-libvips-linux-arm64': [ '1.2.4' ],
161 silly audit   '@img/sharp-libvips-linux-ppc64': [ '1.2.4' ],
161 silly audit   '@img/sharp-libvips-linux-riscv64': [ '1.2.4' ],
161 silly audit   '@img/sharp-libvips-linux-s390x': [ '1.2.4' ],
161 silly audit   '@img/sharp-libvips-linux-x64': [ '1.2.4' ],
161 silly audit   '@img/sharp-libvips-linuxmusl-arm64': [ '1.2.4' ],
161 silly audit   '@img/sharp-libvips-linuxmusl-x64': [ '1.2.4' ],
161 silly audit   '@img/sharp-linux-arm': [ '0.34.5' ],
161 silly audit   '@img/sharp-linux-arm64': [ '0.34.5' ],
161 silly audit   '@img/sharp-linux-ppc64': [ '0.34.5' ],
161 silly audit   '@img/sharp-linux-riscv64': [ '0.34.5' ],
161 silly audit   '@img/sharp-linux-s390x': [ '0.34.5' ],
161 silly audit   '@img/sharp-linux-x64': [ '0.34.5' ],
161 silly audit   '@img/sharp-linuxmusl-arm64': [ '0.34.5' ],
161 silly audit   '@img/sharp-linuxmusl-x64': [ '0.34.5' ],
161 silly audit   '@img/sharp-wasm32': [ '0.34.5' ],
161 silly audit   '@img/sharp-win32-arm64': [ '0.34.5' ],
161 silly audit   '@img/sharp-win32-ia32': [ '0.34.5' ],
161 silly audit   '@img/sharp-win32-x64': [ '0.34.5' ],
161 silly audit   '@jridgewell/gen-mapping': [ '0.3.13' ],
161 silly audit   '@jridgewell/remapping': [ '2.3.5' ],
161 silly audit   '@jridgewell/resolve-uri': [ '3.1.2' ],
161 silly audit   '@jridgewell/sourcemap-codec': [ '1.5.5' ],
161 silly audit   '@jridgewell/trace-mapping': [ '0.3.31' ],
161 silly audit   '@napi-rs/wasm-runtime': [ '0.2.12' ],
161 silly audit   '@next/env': [ '16.2.4' ],
161 silly audit   '@next/eslint-plugin-next': [ '16.2.4' ],
161 silly audit   '@next/swc-darwin-arm64': [ '16.2.4' ],
161 silly audit   '@next/swc-darwin-x64': [ '16.2.4' ],
161 silly audit   '@next/swc-linux-arm64-gnu': [ '16.2.4' ],
161 silly audit   '@next/swc-linux-arm64-musl': [ '16.2.4' ],
161 silly audit   '@next/swc-linux-x64-gnu': [ '16.2.4' ],
161 silly audit   '@next/swc-linux-x64-musl': [ '16.2.4' ],
161 silly audit   '@next/swc-win32-arm64-msvc': [ '16.2.4' ],
161 silly audit   '@next/swc-win32-x64-msvc': [ '16.2.4' ],
161 silly audit   '@nodelib/fs.scandir': [ '2.1.5' ],
161 silly audit   '@nodelib/fs.stat': [ '2.0.5' ],
161 silly audit   '@nodelib/fs.walk': [ '1.2.8' ],
161 silly audit   '@nolyfill/is-core-module': [ '1.0.39' ],
161 silly audit   '@protobufjs/aspromise': [ '1.1.2' ],
161 silly audit   '@protobufjs/base64': [ '1.1.2' ],
161 silly audit   '@protobufjs/codegen': [ '2.0.4' ],
161 silly audit   '@protobufjs/eventemitter': [ '1.1.0' ],
161 silly audit   '@protobufjs/fetch': [ '1.1.0' ],
161 silly audit   '@protobufjs/float': [ '1.0.2' ],
161 silly audit   '@protobufjs/inquire': [ '1.1.0' ],
161 silly audit   '@protobufjs/path': [ '1.1.2' ],
161 silly audit   '@protobufjs/pool': [ '1.1.0' ],
161 silly audit   '@protobufjs/utf8': [ '1.1.0' ],
161 silly audit   '@radix-ui/react-compose-refs': [ '1.1.2' ],
161 silly audit   '@radix-ui/react-slot': [ '1.2.4' ],
161 silly audit   '@react-leaflet/core': [ '3.0.0' ],
161 silly audit   '@rtsao/scc': [ '1.1.0' ],
161 silly audit   '@swc/helpers': [ '0.5.15' ],
161 silly audit   '@tailwindcss/node': [ '4.2.2' ],
161 silly audit   '@tailwindcss/oxide': [ '4.2.2' ],
161 silly audit   '@tailwindcss/oxide-android-arm64': [ '4.2.2' ],
161 silly audit   '@tailwindcss/oxide-darwin-arm64': [ '4.2.2' ],
161 silly audit   '@tailwindcss/oxide-darwin-x64': [ '4.2.2' ],
161 silly audit   '@tailwindcss/oxide-freebsd-x64': [ '4.2.2' ],
161 silly audit   '@tailwindcss/oxide-linux-arm-gnueabihf': [ '4.2.2' ],
161 silly audit   '@tailwindcss/oxide-linux-arm64-gnu': [ '4.2.2' ],
161 silly audit   '@tailwindcss/oxide-linux-arm64-musl': [ '4.2.2' ],
161 silly audit   '@tailwindcss/oxide-linux-x64-gnu': [ '4.2.2' ],
161 silly audit   '@tailwindcss/oxide-linux-x64-musl': [ '4.2.2' ],
161 silly audit   '@tailwindcss/oxide-wasm32-wasi': [ '4.2.2' ],
161 silly audit   '@tailwindcss/oxide-win32-arm64-msvc': [ '4.2.2' ],
161 silly audit   '@tailwindcss/oxide-win32-x64-msvc': [ '4.2.2' ],
161 silly audit   '@tailwindcss/postcss': [ '4.2.2' ],
161 silly audit   '@tybys/wasm-util': [ '0.10.1' ],
161 silly audit   '@types/estree': [ '1.0.8' ],
161 silly audit   '@types/geojson': [ '7946.0.16' ],
161 silly audit   '@types/json-schema': [ '7.0.15' ],
161 silly audit   '@types/json5': [ '0.0.29' ],
161 silly audit   '@types/leaflet': [ '1.9.21' ],
161 silly audit   '@types/node': [ '20.19.39' ],
161 silly audit   '@types/react': [ '19.2.14' ],
161 silly audit   '@types/react-dom': [ '19.2.3' ],
161 silly audit   '@typescript-eslint/eslint-plugin': [ '8.58.2' ],
161 silly audit   ignore: [ '7.0.5', '5.3.2' ],
161 silly audit   '@typescript-eslint/parser': [ '8.58.2' ],
161 silly audit   '@typescript-eslint/project-service': [ '8.58.2' ],
161 silly audit   '@typescript-eslint/scope-manager': [ '8.58.2' ],
161 silly audit   '@typescript-eslint/tsconfig-utils': [ '8.58.2' ],
161 silly audit   '@typescript-eslint/type-utils': [ '8.58.2' ],
161 silly audit   '@typescript-eslint/types': [ '8.58.2' ],
161 silly audit   '@typescript-eslint/typescript-estree': [ '8.58.2' ],
161 silly audit   'balanced-match': [ '4.0.4', '1.0.2' ],
161 silly audit   'brace-expansion': [ '5.0.5', '1.1.14' ],
161 silly audit   minimatch: [ '10.2.5', '3.1.5' ],
161 silly audit   semver: [ '7.7.4', '6.3.1' ],
161 silly audit   '@typescript-eslint/utils': [ '8.58.2' ],
161 silly audit   '@typescript-eslint/visitor-keys': [ '8.58.2' ],
161 silly audit   '@unrs/resolver-binding-android-arm-eabi': [ '1.11.1' ],
161 silly audit   '@unrs/resolver-binding-android-arm64': [ '1.11.1' ],
161 silly audit   '@unrs/resolver-binding-darwin-arm64': [ '1.11.1' ],
161 silly audit   '@unrs/resolver-binding-darwin-x64': [ '1.11.1' ],
161 silly audit   '@unrs/resolver-binding-freebsd-x64': [ '1.11.1' ],
161 silly audit   '@unrs/resolver-binding-linux-arm-gnueabihf': [ '1.11.1' ],
161 silly audit   '@unrs/resolver-binding-linux-arm-musleabihf': [ '1.11.1' ],
161 silly audit   '@unrs/resolver-binding-linux-arm64-gnu': [ '1.11.1' ],
161 silly audit   '@unrs/resolver-binding-linux-arm64-musl': [ '1.11.1' ],
161 silly audit   '@unrs/resolver-binding-linux-ppc64-gnu': [ '1.11.1' ],
161 silly audit   '@unrs/resolver-binding-linux-riscv64-gnu': [ '1.11.1' ],
161 silly audit   '@unrs/resolver-binding-linux-riscv64-musl': [ '1.11.1' ],
161 silly audit   '@unrs/resolver-binding-linux-s390x-gnu': [ '1.11.1' ],
161 silly audit   '@unrs/resolver-binding-linux-x64-gnu': [ '1.11.1' ],
161 silly audit   '@unrs/resolver-binding-linux-x64-musl': [ '1.11.1' ],
161 silly audit   '@unrs/resolver-binding-wasm32-wasi': [ '1.11.1' ],
161 silly audit   '@unrs/resolver-binding-win32-arm64-msvc': [ '1.11.1' ],
161 silly audit   '@unrs/resolver-binding-win32-ia32-msvc': [ '1.11.1' ],
161 silly audit   '@unrs/resolver-binding-win32-x64-msvc': [ '1.11.1' ],
161 silly audit   acorn: [ '8.16.0' ],
161 silly audit   'acorn-jsx': [ '5.3.2' ],
161 silly audit   ajv: [ '6.14.0' ],
161 silly audit   'ansi-regex': [ '5.0.1' ],
161 silly audit   'ansi-styles': [ '4.3.0' ],
161 silly audit   argparse: [ '2.0.1' ],
161 silly audit   'aria-query': [ '5.3.2' ],
161 silly audit   'array-buffer-byte-length': [ '1.0.2' ],
161 silly audit   'array-includes': [ '3.1.9' ],
161 silly audit   'array.prototype.findlast': [ '1.2.5' ],
161 silly audit   'array.prototype.findlastindex': [ '1.2.6' ],
161 silly audit   'array.prototype.flat': [ '1.3.3' ],
161 silly audit   'array.prototype.flatmap': [ '1.3.3' ],
161 silly audit   'array.prototype.tosorted': [ '1.1.4' ],
161 silly audit   'arraybuffer.prototype.slice': [ '1.0.4' ],
161 silly audit   'ast-types-flow': [ '0.0.8' ],
161 silly audit   'async-function': [ '1.0.0' ],
161 silly audit   'available-typed-arrays': [ '1.0.7' ],
161 silly audit   'axe-core': [ '4.11.3' ],
161 silly audit   'axobject-query': [ '4.1.0' ],
161 silly audit   'baseline-browser-mapping': [ '2.10.20' ],
161 silly audit   braces: [ '3.0.3' ],
161 silly audit   browserslist: [ '4.28.2' ],
161 silly audit   'call-bind': [ '1.0.9' ],
161 silly audit   'call-bind-apply-helpers': [ '1.0.2' ],
161 silly audit   'call-bound': [ '1.0.4' ],
161 silly audit   callsites: [ '3.1.0' ],
161 silly audit   'caniuse-lite': [ '1.0.30001788' ],
161 silly audit   chalk: [ '4.1.2' ],
161 silly audit   'client-only': [ '0.0.1' ],
161 silly audit   cliui: [ '8.0.1' ],
161 silly audit   clsx: [ '2.1.1' ],
161 silly audit   'color-convert': [ '2.0.1' ],
161 silly audit   'color-name': [ '1.1.4' ],
161 silly audit   'concat-map': [ '0.0.1' ],
161 silly audit   'convert-source-map': [ '2.0.0' ],
161 silly audit   'cross-spawn': [ '7.0.6' ],
161 silly audit   csstype: [ '3.2.3' ],
161 silly audit   'damerau-levenshtein': [ '1.0.8' ],
161 silly audit   'data-view-buffer': [ '1.0.2' ],
161 silly audit   'data-view-byte-length': [ '1.0.2' ],
161 silly audit   'data-view-byte-offset': [ '1.0.1' ],
161 silly audit   debug: [ '4.4.3', '3.2.7' ],
161 silly audit   'deep-is': [ '0.1.4' ],
161 silly audit   'define-data-property': [ '1.1.4' ],
161 silly audit   'define-properties': [ '1.2.1' ],
161 silly audit   'detect-libc': [ '2.1.2' ],
161 silly audit   doctrine: [ '2.1.0' ],
161 silly audit   'dunder-proto': [ '1.0.1' ],
161 silly audit   'electron-to-chromium': [ '1.5.340' ],
161 silly audit   'emoji-regex': [ '9.2.2', '8.0.0' ],
161 silly audit   'enhanced-resolve': [ '5.20.1' ],
161 silly audit   'es-abstract': [ '1.24.2' ],
161 silly audit   'es-define-property': [ '1.0.1' ],
161 silly audit   'es-errors': [ '1.3.0' ],
161 silly audit   'es-iterator-helpers': [ '1.3.2' ],
161 silly audit   'es-object-atoms': [ '1.1.1' ],
161 silly audit   'es-set-tostringtag': [ '2.1.0' ],
161 silly audit   'es-shim-unscopables': [ '1.1.0' ],
161 silly audit   'es-to-primitive': [ '1.3.0' ],
161 silly audit   escalade: [ '3.2.0' ],
161 silly audit   'escape-string-regexp': [ '4.0.0' ],
161 silly audit   eslint: [ '9.39.4' ],
161 silly audit   'eslint-config-next': [ '16.2.4' ],
161 silly audit   globals: [ '16.4.0', '14.0.0' ],
161 silly audit   'eslint-import-resolver-node': [ '0.3.10' ],
161 silly audit   'eslint-import-resolver-typescript': [ '3.10.1' ],
161 silly audit   'eslint-module-utils': [ '2.12.1' ],
161 silly audit   'eslint-plugin-import': [ '2.32.0' ],
161 silly audit   'eslint-plugin-jsx-a11y': [ '6.10.2' ],
161 silly audit   'eslint-plugin-react': [ '7.37.5' ],
161 silly audit   'eslint-plugin-react-hooks': [ '7.1.1' ],
161 silly audit   'eslint-scope': [ '8.4.0' ],
161 silly audit   espree: [ '10.4.0' ],
161 silly audit   esquery: [ '1.7.0' ],
161 silly audit   esrecurse: [ '4.3.0' ],
161 silly audit   estraverse: [ '5.3.0' ],
161 silly audit   esutils: [ '2.0.3' ],
161 silly audit   'fast-deep-equal': [ '3.1.3' ],
161 silly audit   'fast-glob': [ '3.3.1' ],
161 silly audit   'glob-parent': [ '5.1.2', '6.0.2' ],
161 silly audit   'fast-json-stable-stringify': [ '2.1.0' ],
161 silly audit   'fast-levenshtein': [ '2.0.6' ],
161 silly audit   fastq: [ '1.20.1' ],
161 silly audit   'faye-websocket': [ '0.11.4' ],
161 silly audit   'file-entry-cache': [ '8.0.0' ],
161 silly audit   'fill-range': [ '7.1.1' ],
161 silly audit   'find-up': [ '5.0.0' ],
161 silly audit   firebase: [ '12.12.0' ],
161 silly audit   'flat-cache': [ '4.0.1' ],
161 silly audit   flatted: [ '3.4.2' ],
161 silly audit   'for-each': [ '0.3.5' ],
161 silly audit   'framer-motion': [ '12.38.0' ],
161 silly audit   'function-bind': [ '1.1.2' ],
161 silly audit   'function.prototype.name': [ '1.1.8' ],
161 silly audit   'functions-have-names': [ '1.2.3' ],
161 silly audit   'generator-function': [ '2.0.1' ],
161 silly audit   gensync: [ '1.0.0-beta.2' ],
161 silly audit   'get-caller-file': [ '2.0.5' ],
161 silly audit   'get-intrinsic': [ '1.3.0' ],
161 silly audit   'get-proto': [ '1.0.1' ],
161 silly audit   'get-symbol-description': [ '1.1.0' ],
161 silly audit   'get-tsconfig': [ '4.14.0' ],
161 silly audit   globalthis: [ '1.0.4' ],
161 silly audit   gopd: [ '1.2.0' ],
161 silly audit   'graceful-fs': [ '4.2.11' ],
161 silly audit   'has-bigints': [ '1.1.0' ],
161 silly audit   'has-flag': [ '4.0.0' ],
161 silly audit   'has-property-descriptors': [ '1.0.2' ],
161 silly audit   'has-proto': [ '1.2.0' ],
161 silly audit   'has-symbols': [ '1.1.0' ],
161 silly audit   'has-tostringtag': [ '1.0.2' ],
161 silly audit   hasown: [ '2.0.3' ],
161 silly audit   'hermes-estree': [ '0.25.1' ],
161 silly audit   'hermes-parser': [ '0.25.1' ],
161 silly audit   'http-parser-js': [ '0.5.10' ],
161 silly audit   idb: [ '7.1.1' ],
161 silly audit   'import-fresh': [ '3.3.1' ],
161 silly audit   imurmurhash: [ '0.1.4' ],
161 silly audit   'internal-slot': [ '1.1.0' ],
161 silly audit   'is-array-buffer': [ '3.0.5' ],
161 silly audit   'is-async-function': [ '2.1.1' ],
161 silly audit   'is-bigint': [ '1.1.0' ],
161 silly audit   'is-boolean-object': [ '1.2.2' ],
161 silly audit   'is-bun-module': [ '2.0.0' ],
161 silly audit   'is-callable': [ '1.2.7' ],
161 silly audit   'is-core-module': [ '2.16.1' ],
161 silly audit   'is-data-view': [ '1.0.2' ],
161 silly audit   'is-date-object': [ '1.1.0' ],
161 silly audit   'is-extglob': [ '2.1.1' ],
161 silly audit   'is-finalizationregistry': [ '1.1.1' ],
161 silly audit   'is-fullwidth-code-point': [ '3.0.0' ],
161 silly audit   'is-generator-function': [ '1.1.2' ],
161 silly audit   'is-glob': [ '4.0.3' ],
161 silly audit   'is-map': [ '2.0.3' ],
161 silly audit   'is-negative-zero': [ '2.0.3' ],
161 silly audit   'is-number': [ '7.0.0' ],
161 silly audit   'is-number-object': [ '1.1.1' ],
161 silly audit   'is-regex': [ '1.2.1' ],
161 silly audit   'is-set': [ '2.0.3' ],
161 silly audit   'is-shared-array-buffer': [ '1.0.4' ],
161 silly audit   'is-string': [ '1.1.1' ],
161 silly audit   'is-symbol': [ '1.1.1' ],
161 silly audit   'is-typed-array': [ '1.1.15' ],
161 silly audit   'is-weakmap': [ '2.0.2' ],
161 silly audit   'is-weakref': [ '1.1.1' ],
161 silly audit   'is-weakset': [ '2.0.4' ],
161 silly audit   isarray: [ '2.0.5' ],
161 silly audit   isexe: [ '2.0.0' ],
161 silly audit   'iterator.prototype': [ '1.1.5' ],
161 silly audit   jiti: [ '2.6.1' ],
161 silly audit   'js-tokens': [ '4.0.0' ],
161 silly audit   'js-yaml': [ '4.1.1' ],
161 silly audit   jsesc: [ '3.1.0' ],
161 silly audit   'json-buffer': [ '3.0.1' ],
161 silly audit   'json-schema-traverse': [ '0.4.1' ],
161 silly audit   'json-stable-stringify-without-jsonify': [ '1.0.1' ],
161 silly audit   json5: [ '2.2.3', '1.0.2' ],
161 silly audit   'jsx-ast-utils': [ '3.3.5' ],
161 silly audit   keyv: [ '4.5.4' ],
161 silly audit   'language-subtag-registry': [ '0.3.23' ],
161 silly audit   'language-tags': [ '1.0.9' ],
161 silly audit   leaflet: [ '1.9.4' ],
161 silly audit   levn: [ '0.4.1' ],
161 silly audit   lightningcss: [ '1.32.0' ],
161 silly audit   'lightningcss-android-arm64': [ '1.32.0' ],
161 silly audit   'lightningcss-darwin-arm64': [ '1.32.0' ],
161 silly audit   'lightningcss-darwin-x64': [ '1.32.0' ],
161 silly audit   'lightningcss-freebsd-x64': [ '1.32.0' ],
161 silly audit   'lightningcss-linux-arm-gnueabihf': [ '1.32.0' ],
161 silly audit   'lightningcss-linux-arm64-gnu': [ '1.32.0' ],
161 silly audit   'lightningcss-linux-arm64-musl': [ '1.32.0' ],
161 silly audit   'lightningcss-linux-x64-gnu': [ '1.32.0' ],
161 silly audit   'lightningcss-linux-x64-musl': [ '1.32.0' ],
161 silly audit   'lightningcss-win32-arm64-msvc': [ '1.32.0' ],
161 silly audit   'lightningcss-win32-x64-msvc': [ '1.32.0' ],
161 silly audit   'locate-path': [ '6.0.0' ],
161 silly audit   'lodash.camelcase': [ '4.3.0' ],
161 silly audit   'lodash.merge': [ '4.6.2' ],
161 silly audit   long: [ '5.3.2' ],
161 silly audit   'loose-envify': [ '1.4.0' ],
161 silly audit   'lru-cache': [ '5.1.1' ],
161 silly audit   'lucide-react': [ '1.8.0' ],
161 silly audit   'magic-string': [ '0.30.21' ],
161 silly audit   'math-intrinsics': [ '1.1.0' ],
161 silly audit   merge2: [ '1.4.1' ],
161 silly audit   micromatch: [ '4.0.8' ],
161 silly audit   minimist: [ '1.2.8' ],
161 silly audit   'motion-dom': [ '12.38.0' ],
161 silly audit   'motion-utils': [ '12.36.0' ],
161 silly audit   ms: [ '2.1.3' ],
161 silly audit   nanoid: [ '3.3.11' ],
161 silly audit   'napi-postinstall': [ '0.3.4' ],
161 silly audit   'natural-compare': [ '1.4.0' ],
161 silly audit   next: [ '16.2.4' ],
161 silly audit   postcss: [ '8.4.31', '8.5.10' ],
161 silly audit   'node-exports-info': [ '1.6.0' ],
161 silly audit   'node-releases': [ '2.0.37' ],
161 silly audit   'object-assign': [ '4.1.1' ],
161 silly audit   'object-inspect': [ '1.13.4' ],
161 silly audit   'object-keys': [ '1.1.1' ],
161 silly audit   'object.assign': [ '4.1.7' ],
161 silly audit   'object.entries': [ '1.1.9' ],
161 silly audit   'object.fromentries': [ '2.0.8' ],
161 silly audit   'object.groupby': [ '1.0.3' ],
161 silly audit   'object.values': [ '1.2.1' ],
161 silly audit   optionator: [ '0.9.4' ],
161 silly audit   'own-keys': [ '1.0.1' ],
161 silly audit   'p-limit': [ '3.1.0' ],
161 silly audit   'p-locate': [ '5.0.0' ],
161 silly audit   'parent-module': [ '1.0.1' ],
161 silly audit   'path-exists': [ '4.0.0' ],
161 silly audit   'path-key': [ '3.1.1' ],
161 silly audit   'path-parse': [ '1.0.7' ],
161 silly audit   picocolors: [ '1.1.1' ],
161 silly audit   picomatch: [ '2.3.2', '4.0.4' ],
161 silly audit   'possible-typed-array-names': [ '1.1.0' ],
161 silly audit   'prelude-ls': [ '1.2.1' ],
161 silly audit   'prop-types': [ '15.8.1' ],
161 silly audit   protobufjs: [ '7.5.5' ],
161 silly audit   punycode: [ '2.3.1' ],
161 silly audit   'queue-microtask': [ '1.2.3' ],
161 silly audit   react: [ '19.2.4' ],
161 silly audit   'react-dom': [ '19.2.4' ],
161 silly audit   'react-is': [ '16.13.1' ],
161 silly audit   'react-leaflet': [ '5.0.0' ],
161 silly audit   'reflect.getprototypeof': [ '1.0.10' ],
161 silly audit   'regexp.prototype.flags': [ '1.5.4' ],
161 silly audit   'require-directory': [ '2.1.1' ],
161 silly audit   resolve: [ '2.0.0-next.6' ],
161 silly audit   'resolve-from': [ '4.0.0' ],
161 silly audit   'resolve-pkg-maps': [ '1.0.0' ],
161 silly audit   reusify: [ '1.1.0' ],
161 silly audit   'run-parallel': [ '1.2.0' ],
161 silly audit   'safe-array-concat': [ '1.1.3' ],
161 silly audit   'safe-buffer': [ '5.2.1' ],
161 silly audit   'safe-push-apply': [ '1.0.0' ],
161 silly audit   'safe-regex-test': [ '1.1.0' ],
161 silly audit   scheduler: [ '0.27.0' ],
161 silly audit   'set-function-length': [ '1.2.2' ],
161 silly audit   'set-function-name': [ '2.0.2' ],
161 silly audit   'set-proto': [ '1.0.0' ],
161 silly audit   sharp: [ '0.34.5' ],
161 silly audit   'shebang-command': [ '2.0.0' ],
161 silly audit   'shebang-regex': [ '3.0.0' ],
161 silly audit   'side-channel': [ '1.1.0' ],
161 silly audit   'side-channel-list': [ '1.0.1' ],
161 silly audit   'side-channel-map': [ '1.0.1' ],
161 silly audit   'side-channel-weakmap': [ '1.0.2' ],
161 silly audit   'source-map-js': [ '1.2.1' ],
161 silly audit   'stable-hash': [ '0.0.5' ],
161 silly audit   'stop-iteration-iterator': [ '1.1.0' ],
161 silly audit   'string-width': [ '4.2.3' ],
161 silly audit   'string.prototype.includes': [ '2.0.1' ],
161 silly audit   'string.prototype.matchall': [ '4.0.12' ],
161 silly audit   'string.prototype.repeat': [ '1.0.0' ],
161 silly audit   'string.prototype.trim': [ '1.2.10' ],
161 silly audit   'string.prototype.trimend': [ '1.0.9' ],
161 silly audit   'string.prototype.trimstart': [ '1.0.8' ],
161 silly audit   'strip-ansi': [ '6.0.1' ],
161 silly audit   'strip-bom': [ '3.0.0' ],
161 silly audit   'strip-json-comments': [ '3.1.1' ],
161 silly audit   'styled-jsx': [ '5.1.6' ],
161 silly audit   'supports-color': [ '7.2.0' ],
161 silly audit   'supports-preserve-symlinks-flag': [ '1.0.0' ],
161 silly audit   'tailwind-merge': [ '3.5.0' ],
161 silly audit   tailwindcss: [ '4.2.2' ],
161 silly audit   'tailwindcss-animate': [ '1.0.7' ],
161 silly audit   tapable: [ '2.3.2' ],
161 silly audit   tinyglobby: [ '0.2.16' ],
161 silly audit   fdir: [ '6.5.0' ],
161 silly audit   'to-regex-range': [ '5.0.1' ],
161 silly audit   'ts-api-utils': [ '2.5.0' ],
161 silly audit   'tsconfig-paths': [ '3.15.0' ],
161 silly audit   tslib: [ '2.8.1' ],
161 silly audit   'type-check': [ '0.4.0' ],
161 silly audit   'typed-array-buffer': [ '1.0.3' ],
161 silly audit   'typed-array-byte-length': [ '1.0.3' ],
161 silly audit   'typed-array-byte-offset': [ '1.0.4' ],
161 silly audit   'typed-array-length': [ '1.0.7' ],
161 silly audit   typescript: [ '5.9.3' ],
161 silly audit   'typescript-eslint': [ '8.58.2' ],
161 silly audit   'unbox-primitive': [ '1.1.0' ],
161 silly audit   'undici-types': [ '6.21.0' ],
161 silly audit   'unrs-resolver': [ '1.11.1' ],
161 silly audit   'update-browserslist-db': [ '1.2.3' ],
161 silly audit   'uri-js': [ '4.4.1' ],
161 silly audit   'web-vitals': [ '4.2.4' ],
161 silly audit   'websocket-driver': [ '0.7.4' ],
161 silly audit   'websocket-extensions': [ '0.1.4' ],
161 silly audit   which: [ '2.0.2' ],
161 silly audit   'which-boxed-primitive': [ '1.1.1' ],
161 silly audit   'which-builtin-type': [ '1.2.1' ],
161 silly audit   'which-collection': [ '1.0.2' ],
161 silly audit   'which-typed-array': [ '1.1.20' ],
161 silly audit   'word-wrap': [ '1.2.5' ],
161 silly audit   'wrap-ansi': [ '7.0.0' ],
161 silly audit   y18n: [ '5.0.8' ],
161 silly audit   yallist: [ '3.1.1' ],
161 silly audit   yargs: [ '17.7.2' ],
161 silly audit   'yargs-parser': [ '21.1.1' ],
161 silly audit   'yocto-queue': [ '0.1.0' ],
161 silly audit   zod: [ '4.3.6' ],
161 silly audit   'zod-validation-error': [ '4.0.2' ],
161 silly audit   '@google/genai': [ '1.50.1' ],
161 silly audit   'google-auth-library': [ '10.6.2' ],
161 silly audit   'p-retry': [ '4.6.2' ],
161 silly audit   ws: [ '8.20.0' ],
161 silly audit   'base64-js': [ '1.5.1' ],
161 silly audit   'ecdsa-sig-formatter': [ '1.0.11' ],
161 silly audit   gaxios: [ '7.1.4' ],
161 silly audit   'gcp-metadata': [ '8.1.2' ],
161 silly audit   'google-logging-utils': [ '1.1.3' ],
161 silly audit   jws: [ '4.0.1' ],
161 silly audit   extend: [ '3.0.2' ],
161 silly audit   'https-proxy-agent': [ '7.0.6' ],
161 silly audit   'node-fetch': [ '3.3.2' ],
161 silly audit   'json-bigint': [ '1.0.0' ],
161 silly audit   'agent-base': [ '7.1.4' ],
161 silly audit   'bignumber.js': [ '9.3.1' ],
161 silly audit   jwa: [ '2.0.1' ],
161 silly audit   'buffer-equal-constant-time': [ '1.0.1' ],
161 silly audit   'data-uri-to-buffer': [ '4.0.1' ],
161 silly audit   'fetch-blob': [ '3.2.0' ],
161 silly audit   'formdata-polyfill': [ '4.0.10' ],
161 silly audit   'node-domexception': [ '1.0.0' ],
161 silly audit   'web-streams-polyfill': [ '3.3.3' ],
161 silly audit   '@types/retry': [ '0.12.0' ],
161 silly audit   retry: [ '0.13.1' ]
161 silly audit }
162 http cache retry@https://registry.npmjs.org/retry/-/retry-0.13.1.tgz 0ms (cache hit)
163 http cache @types/retry@https://registry.npmjs.org/@types/retry/-/retry-0.12.0.tgz 0ms (cache hit)
164 http cache web-streams-polyfill@https://registry.npmjs.org/web-streams-polyfill/-/web-streams-polyfill-3.3.3.tgz 0ms (cache hit)
165 http cache node-domexception@https://registry.npmjs.org/node-domexception/-/node-domexception-1.0.0.tgz 0ms (cache hit)
166 http cache formdata-polyfill@https://registry.npmjs.org/formdata-polyfill/-/formdata-polyfill-4.0.10.tgz 0ms (cache hit)
167 http cache fetch-blob@https://registry.npmjs.org/fetch-blob/-/fetch-blob-3.2.0.tgz 0ms (cache hit)
168 http cache data-uri-to-buffer@https://registry.npmjs.org/data-uri-to-buffer/-/data-uri-to-buffer-4.0.1.tgz 0ms (cache hit)
169 http cache buffer-equal-constant-time@https://registry.npmjs.org/buffer-equal-constant-time/-/buffer-equal-constant-time-1.0.1.tgz 0ms (cache hit)
170 http cache jwa@https://registry.npmjs.org/jwa/-/jwa-2.0.1.tgz 0ms (cache hit)
171 http cache bignumber.js@https://registry.npmjs.org/bignumber.js/-/bignumber.js-9.3.1.tgz 0ms (cache hit)
172 http cache agent-base@https://registry.npmjs.org/agent-base/-/agent-base-7.1.4.tgz 0ms (cache hit)
173 http cache node-fetch@https://registry.npmjs.org/node-fetch/-/node-fetch-3.3.2.tgz 0ms (cache hit)
174 http cache json-bigint@https://registry.npmjs.org/json-bigint/-/json-bigint-1.0.0.tgz 0ms (cache hit)
175 http cache https-proxy-agent@https://registry.npmjs.org/https-proxy-agent/-/https-proxy-agent-7.0.6.tgz 0ms (cache hit)
176 http cache extend@https://registry.npmjs.org/extend/-/extend-3.0.2.tgz 0ms (cache hit)
177 http cache jws@https://registry.npmjs.org/jws/-/jws-4.0.1.tgz 0ms (cache hit)
178 http cache google-logging-utils@https://registry.npmjs.org/google-logging-utils/-/google-logging-utils-1.1.3.tgz 0ms (cache hit)
179 http cache gcp-metadata@https://registry.npmjs.org/gcp-metadata/-/gcp-metadata-8.1.2.tgz 0ms (cache hit)
180 http cache gaxios@https://registry.npmjs.org/gaxios/-/gaxios-7.1.4.tgz 0ms (cache hit)
181 http cache ecdsa-sig-formatter@https://registry.npmjs.org/ecdsa-sig-formatter/-/ecdsa-sig-formatter-1.0.11.tgz 0ms (cache hit)
182 http cache base64-js@https://registry.npmjs.org/base64-js/-/base64-js-1.5.1.tgz 0ms (cache hit)
183 http cache ws@https://registry.npmjs.org/ws/-/ws-8.20.0.tgz 0ms (cache hit)
184 http cache p-retry@https://registry.npmjs.org/p-retry/-/p-retry-4.6.2.tgz 0ms (cache hit)
185 http cache google-auth-library@https://registry.npmjs.org/google-auth-library/-/google-auth-library-10.6.2.tgz 0ms (cache hit)
186 http cache @google/genai@https://registry.npmjs.org/@google/genai/-/genai-1.50.1.tgz 0ms (cache hit)
187 silly tarball no local data for retry@https://registry.npmjs.org/retry/-/retry-0.13.1.tgz. Extracting by manifest.
188 silly tarball no local data for @types/retry@https://registry.npmjs.org/@types/retry/-/retry-0.12.0.tgz. Extracting by manifest.
189 silly tarball no local data for web-streams-polyfill@https://registry.npmjs.org/web-streams-polyfill/-/web-streams-polyfill-3.3.3.tgz. Extracting by manifest.
190 silly tarball no local data for node-domexception@https://registry.npmjs.org/node-domexception/-/node-domexception-1.0.0.tgz. Extracting by manifest.
191 silly tarball no local data for formdata-polyfill@https://registry.npmjs.org/formdata-polyfill/-/formdata-polyfill-4.0.10.tgz. Extracting by manifest.
192 silly tarball no local data for fetch-blob@https://registry.npmjs.org/fetch-blob/-/fetch-blob-3.2.0.tgz. Extracting by manifest.
193 silly tarball no local data for data-uri-to-buffer@https://registry.npmjs.org/data-uri-to-buffer/-/data-uri-to-buffer-4.0.1.tgz. Extracting by manifest.
194 silly tarball no local data for buffer-equal-constant-time@https://registry.npmjs.org/buffer-equal-constant-time/-/buffer-equal-constant-time-1.0.1.tgz. Extracting by manifest.
195 silly tarball no local data for jwa@https://registry.npmjs.org/jwa/-/jwa-2.0.1.tgz. Extracting by manifest.
196 silly tarball no local data for bignumber.js@https://registry.npmjs.org/bignumber.js/-/bignumber.js-9.3.1.tgz. Extracting by manifest.
197 silly tarball no local data for agent-base@https://registry.npmjs.org/agent-base/-/agent-base-7.1.4.tgz. Extracting by manifest.
198 silly tarball no local data for node-fetch@https://registry.npmjs.org/node-fetch/-/node-fetch-3.3.2.tgz. Extracting by manifest.
199 silly tarball no local data for json-bigint@https://registry.npmjs.org/json-bigint/-/json-bigint-1.0.0.tgz. Extracting by manifest.
200 silly tarball no local data for https-proxy-agent@https://registry.npmjs.org/https-proxy-agent/-/https-proxy-agent-7.0.6.tgz. Extracting by manifest.
201 silly tarball no local data for extend@https://registry.npmjs.org/extend/-/extend-3.0.2.tgz. Extracting by manifest.
202 silly tarball no local data for jws@https://registry.npmjs.org/jws/-/jws-4.0.1.tgz. Extracting by manifest.
203 silly tarball no local data for google-logging-utils@https://registry.npmjs.org/google-logging-utils/-/google-logging-utils-1.1.3.tgz. Extracting by manifest.
204 silly tarball no local data for gcp-metadata@https://registry.npmjs.org/gcp-metadata/-/gcp-metadata-8.1.2.tgz. Extracting by manifest.
205 silly tarball no local data for gaxios@https://registry.npmjs.org/gaxios/-/gaxios-7.1.4.tgz. Extracting by manifest.
206 silly tarball no local data for ecdsa-sig-formatter@https://registry.npmjs.org/ecdsa-sig-formatter/-/ecdsa-sig-formatter-1.0.11.tgz. Extracting by manifest.
207 silly tarball no local data for base64-js@https://registry.npmjs.org/base64-js/-/base64-js-1.5.1.tgz. Extracting by manifest.
208 silly tarball no local data for ws@https://registry.npmjs.org/ws/-/ws-8.20.0.tgz. Extracting by manifest.
209 silly tarball no local data for p-retry@https://registry.npmjs.org/p-retry/-/p-retry-4.6.2.tgz. Extracting by manifest.
210 silly tarball no local data for google-auth-library@https://registry.npmjs.org/google-auth-library/-/google-auth-library-10.6.2.tgz. Extracting by manifest.
211 silly tarball no local data for @google/genai@https://registry.npmjs.org/@google/genai/-/genai-1.50.1.tgz. Extracting by manifest.
212 http fetch GET 200 https://registry.npmjs.org/retry/-/retry-0.13.1.tgz 38ms (cache miss)
213 http fetch GET 200 https://registry.npmjs.org/node-domexception/-/node-domexception-1.0.0.tgz 38ms (cache miss)
214 http fetch GET 200 https://registry.npmjs.org/fetch-blob/-/fetch-blob-3.2.0.tgz 38ms (cache miss)
215 http fetch GET 200 https://registry.npmjs.org/data-uri-to-buffer/-/data-uri-to-buffer-4.0.1.tgz 38ms (cache miss)
216 http fetch GET 200 https://registry.npmjs.org/formdata-polyfill/-/formdata-polyfill-4.0.10.tgz 39ms (cache miss)
217 warn deprecated node-domexception@1.0.0: Use your platform's native DOMException instead
218 http fetch GET 200 https://registry.npmjs.org/google-logging-utils/-/google-logging-utils-1.1.3.tgz 58ms (cache miss)
219 http fetch GET 200 https://registry.npmjs.org/jws/-/jws-4.0.1.tgz 58ms (cache miss)
220 http fetch GET 200 https://registry.npmjs.org/extend/-/extend-3.0.2.tgz 58ms (cache miss)
221 http fetch GET 200 https://registry.npmjs.org/buffer-equal-constant-time/-/buffer-equal-constant-time-1.0.1.tgz 59ms (cache miss)
222 http fetch GET 200 https://registry.npmjs.org/gcp-metadata/-/gcp-metadata-8.1.2.tgz 59ms (cache miss)
223 http fetch GET 200 https://registry.npmjs.org/gaxios/-/gaxios-7.1.4.tgz 80ms (cache miss)
224 http fetch GET 200 https://registry.npmjs.org/jwa/-/jwa-2.0.1.tgz 86ms (cache miss)
225 http fetch GET 200 https://registry.npmjs.org/agent-base/-/agent-base-7.1.4.tgz 93ms (cache miss)
226 http fetch GET 200 https://registry.npmjs.org/https-proxy-agent/-/https-proxy-agent-7.0.6.tgz 92ms (cache miss)
227 http fetch GET 200 https://registry.npmjs.org/json-bigint/-/json-bigint-1.0.0.tgz 100ms (cache miss)
228 http fetch GET 200 https://registry.npmjs.org/p-retry/-/p-retry-4.6.2.tgz 101ms (cache miss)
229 http fetch GET 200 https://registry.npmjs.org/ecdsa-sig-formatter/-/ecdsa-sig-formatter-1.0.11.tgz 102ms (cache miss)
230 http fetch GET 200 https://registry.npmjs.org/base64-js/-/base64-js-1.5.1.tgz 102ms (cache miss)
231 http fetch GET 200 https://registry.npmjs.org/node-fetch/-/node-fetch-3.3.2.tgz 109ms (cache miss)
232 http fetch GET 200 https://registry.npmjs.org/ws/-/ws-8.20.0.tgz 108ms (cache miss)
233 http fetch GET 200 https://registry.npmjs.org/bignumber.js/-/bignumber.js-9.3.1.tgz 117ms (cache miss)
234 http fetch GET 200 https://registry.npmjs.org/google-auth-library/-/google-auth-library-10.6.2.tgz 130ms (cache miss)
235 http fetch GET 200 https://registry.npmjs.org/web-streams-polyfill/-/web-streams-polyfill-3.3.3.tgz 209ms (cache miss)
236 http fetch POST 200 https://registry.npmjs.org/-/npm/v1/security/advisories/bulk 263ms
237 silly audit report {
237 silly audit report   postcss: [
237 silly audit report     {
237 silly audit report       id: 1117015,
237 silly audit report       url: 'https://github.com/advisories/GHSA-qx2v-qp2m-jg93',
237 silly audit report       title: 'PostCSS has XSS via Unescaped </style> in its CSS Stringify Output',
237 silly audit report       severity: 'moderate',
237 silly audit report       vulnerable_versions: '<8.5.10',
237 silly audit report       cwe: [Array],
237 silly audit report       cvss: [Object]
237 silly audit report     }
237 silly audit report   ]
237 silly audit report }
238 silly packumentCache corgi:https://registry.npmjs.org/postcss cache-miss
239 http fetch GET 200 https://registry.npmjs.org/@google/genai/-/genai-1.50.1.tgz 258ms (cache miss)
240 http fetch GET 200 https://registry.npmjs.org/@types/retry/-/retry-0.12.0.tgz 278ms (cache miss)
241 http fetch GET 200 https://registry.npmjs.org/postcss 100ms (cache miss)
242 silly packumentCache corgi:https://registry.npmjs.org/postcss set size:undefined disposed:false
243 silly packumentCache corgi:https://registry.npmjs.org/next cache-miss
244 http fetch GET 200 https://registry.npmjs.org/next 400ms (cache miss)
245 silly packumentCache corgi:https://registry.npmjs.org/next set size:undefined disposed:false
246 silly ADD node_modules/retry
247 silly ADD node_modules/@types/retry
248 silly ADD node_modules/web-streams-polyfill
249 silly ADD node_modules/node-domexception
250 silly ADD node_modules/formdata-polyfill
251 silly ADD node_modules/fetch-blob
252 silly ADD node_modules/data-uri-to-buffer
253 silly ADD node_modules/buffer-equal-constant-time
254 silly ADD node_modules/jwa
255 silly ADD node_modules/bignumber.js
256 silly ADD node_modules/agent-base
257 silly ADD node_modules/json-bigint
258 silly ADD node_modules/node-fetch
259 silly ADD node_modules/https-proxy-agent
260 silly ADD node_modules/extend
261 silly ADD node_modules/jws
262 silly ADD node_modules/google-logging-utils
263 silly ADD node_modules/gcp-metadata
264 silly ADD node_modules/gaxios
265 silly ADD node_modules/ecdsa-sig-formatter
266 silly ADD node_modules/base64-js
267 silly ADD node_modules/ws
268 silly ADD node_modules/p-retry
269 silly ADD node_modules/google-auth-library
270 silly ADD node_modules/@google/genai
271 verbose cwd /Users/srujan/Beast/Coding/web/gdg
272 verbose os Darwin 25.4.0
273 verbose node v25.9.0
274 verbose npm  v11.12.1
275 notice
275 notice New [33mminor[39m version of npm available! [33m11.12.1[39m -> [34m11.13.0[39m
275 notice Changelog: [34mhttps://github.com/npm/cli/releases/tag/v11.13.0[39m
275 notice To update run: [4mnpm install -g npm@11.13.0[24m
275 notice  { force: true, Symbol(proc-log.meta): true }
276 verbose exit 0
277 info ok
